Jan 21 02:54:46 10 kernel: 200030041 MINIX3: PID 50 swapped in
Jan 21 02:54:46 10 kernel: 200030041 MINIX3: PID 51 swapped in
Jan 21 02:54:46 10 kernel: 200030041 MINIX3: PID 52 swapped in