Jan 21 02:52:53 10 kernel: 200030041 MINIX3: PID 47 swapped in
Jan 21 02:52:53 10 kernel: 200030041 MINIX3: PID 48 swapped in
Jan 21 02:52:53 10 kernel: 200030041 MINIX3: PID 49 swapped in