Jan 21 02:51:26 10 kernel: 200030041 MINIX3: PID 44 swapped in
Jan 21 02:51:26 10 kernel: 200030041 MINIX3: PID 45 swapped in
Jan 21 02:51:26 10 kernel: 200030041 MINIX3: PID 46 swapped in